>>> add_integer = __import__('0-add_integer').add_integer

>>> add_integer(0, 0)
0

>>> add_integer(14, 0)
14

>>> add_integer(0, 14)
14

>>> add_integer(-2, 2)
0

>>> add_integer(2, -2)
0

>>> add_integer(2)
100

>>> add_integer()
Traceback (most recent call last):
TypeError: add_integer() missing 1 required positional argument: 'a'

>>> add_integer('a', 'b')
Traceback (most recent call last):
TypeError: a must be an integer

>>> add_integer('a', 42)
Traceback (most recent call last):
TypeError: a must be an integer

>>> add_integer('a')
Traceback (most recent call last):
TypeError: a must be an integer

>>> add_integer(12.3, 9.8) #doctest: +REPORT_NDIFF
21

>>> add_integer(float("nan"), 4)
Traceback (most recent call last):
ValueError: cannot convert float NaN to integer

>>> add_integer(10**1000, 10**1000)
Traceback (most recent call last):
OverflowError: int too large to convert to float

>>> add_integer(int('12'), 4)
Traceback (most recent call last):
ValueError: invalid literal for int() with base 10: '1e'